// Jest Snapshot v1, https://goo.gl/fbAQLP

exports[`FocusBasedInput matches snapshot 1`] = `
<label
  className="sc-hKMtZM iZAKNp sc-jSMfEi fJZWBL"
>
  <input
    className="sc-eCYdqJ kIanzA sc-iBkjds kMkeHp"
    onBlur={[Function]}
    onChange={[Function]}
    onFocus={[Function]}
    placeholder="내용을 입력해주세요."
    type="text"
    value=""
  />
</label>
`;
